Information: Running averaged power analysis... (PWR-601)
Information: Running power calculation with 4 threads. (PWR-602)
****************************************
Report : Averaged Power
Design : simon32_64
Version: K-2015.06-SP1
Date   : Wed Nov 30 21:35:29 2016
****************************************



  Attributes
  ----------
      i  -  Including register clock pin internal power
      u  -  User defined power group

                        Internal  Switching  Leakage    Total
Power Group             Power     Power      Power      Power   (     %)  Attrs
--------------------------------------------------------------------------------
clock_network           7.520e-04 5.519e-04 5.369e-08 1.304e-03 (12.89%)  i
register                6.938e-04 1.665e-04 1.381e-06 8.617e-04 ( 8.52%)  
combinational           5.148e-03 2.795e-03 1.024e-05 7.953e-03 (78.60%)  
sequential                 0.0000    0.0000    0.0000    0.0000 ( 0.00%)  
memory                     0.0000    0.0000    0.0000    0.0000 ( 0.00%)  
io_pad                     0.0000    0.0000    0.0000    0.0000 ( 0.00%)  
black_box                  0.0000    0.0000    0.0000    0.0000 ( 0.00%)  

  Net Switching Power  = 3.513e-03   (34.72%)
  Cell Internal Power  = 6.594e-03   (65.16%)
  Cell Leakage Power   = 1.167e-05   ( 0.12%)
                         ---------
Total Power            =    0.0101  (100.00%)

1
